                                      1 ;--------------------------------------------------------
                                      2 ; File Created by SDCC : free open source ISO C Compiler
                                      3 ; Version 4.5.1 #15267 (Linux)
                                      4 ;--------------------------------------------------------
                                      5 	.module bkg_tiles
                                      6 	
                                      7 ;--------------------------------------------------------
                                      8 ; Public variables in this module
                                      9 ;--------------------------------------------------------
                                     10 	.globl _bkg_tiles
                                     11 ;--------------------------------------------------------
                                     12 ; special function registers
                                     13 ;--------------------------------------------------------
                                     14 ;--------------------------------------------------------
                                     15 ; ram data
                                     16 ;--------------------------------------------------------
                                     17 	.area _DATA
                                     18 ;--------------------------------------------------------
                                     19 ; ram data
                                     20 ;--------------------------------------------------------
                                     21 	.area _INITIALIZED
                                     22 ;--------------------------------------------------------
                                     23 ; absolute external ram data
                                     24 ;--------------------------------------------------------
                                     25 	.area _DABS (ABS)
                                     26 ;--------------------------------------------------------
                                     27 ; global & static initialisations
                                     28 ;--------------------------------------------------------
                                     29 	.area _HOME
                                     30 	.area _GSINIT
                                     31 	.area _GSFINAL
                                     32 	.area _GSINIT
                                     33 ;--------------------------------------------------------
                                     34 ; Home
                                     35 ;--------------------------------------------------------
                                     36 	.area _HOME
                                     37 	.area _HOME
                                     38 ;--------------------------------------------------------
                                     39 ; code
                                     40 ;--------------------------------------------------------
                                     41 	.area _CODE
                                     42 	.area _CODE
    00000000                         43 _bkg_tiles:
    00000000 00                      44 	.db #0x00	; 0
    00000001 01                      45 	.db #0x01	; 1
    00000002 02                      46 	.db #0x02	; 2
    00000003 03                      47 	.db #0x03	; 3
    00000004 FC                      48 	.db #0xfc	; 252
    00000005 FC                      49 	.db #0xfc	; 252
    00000006 04                      50 	.db #0x04	; 4
    00000007 FC                      51 	.db #0xfc	; 252
    00000008 FC                      52 	.db #0xfc	; 252
    00000009 05                      53 	.db #0x05	; 5
    0000000A 06                      54 	.db #0x06	; 6
    0000000B FC                      55 	.db #0xfc	; 252
    0000000C 07                      56 	.db #0x07	; 7
    0000000D 08                      57 	.db #0x08	; 8
    0000000E 09                      58 	.db #0x09	; 9
    0000000F 0A                      59 	.db #0x0a	; 10
    00000010 FC                      60 	.db #0xfc	; 252
    00000011 FC                      61 	.db #0xfc	; 252
    00000012 FC                      62 	.db #0xfc	; 252
    00000013 02                      63 	.db #0x02	; 2
    00000014 0B                      64 	.db #0x0b	; 11
    00000015 0C                      65 	.db #0x0c	; 12
    00000016 0D                      66 	.db #0x0d	; 13
    00000017 FC                      67 	.db #0xfc	; 252
    00000018 0E                      68 	.db #0x0e	; 14
    00000019 0F                      69 	.db #0x0f	; 15
    0000001A 10                      70 	.db #0x10	; 16
    0000001B FC                      71 	.db #0xfc	; 252
    0000001C 11                      72 	.db #0x11	; 17
    0000001D 12                      73 	.db #0x12	; 18
    0000001E 13                      74 	.db #0x13	; 19
    0000001F 14                      75 	.db #0x14	; 20
    00000020 15                      76 	.db #0x15	; 21
    00000021 16                      77 	.db #0x16	; 22
    00000022 17                      78 	.db #0x17	; 23
    00000023 FC                      79 	.db #0xfc	; 252
    00000024 18                      80 	.db #0x18	; 24
    00000025 19                      81 	.db #0x19	; 25
    00000026 1A                      82 	.db #0x1a	; 26
    00000027 FC                      83 	.db #0xfc	; 252
    00000028 1B                      84 	.db #0x1b	; 27
    00000029 1C                      85 	.db #0x1c	; 28
    0000002A 1D                      86 	.db #0x1d	; 29
    0000002B FC                      87 	.db #0xfc	; 252
    0000002C FC                      88 	.db #0xfc	; 252
    0000002D 1E                      89 	.db #0x1e	; 30
    0000002E 1F                      90 	.db #0x1f	; 31
    0000002F 20                      91 	.db #0x20	; 32
    00000030 21                      92 	.db #0x21	; 33
    00000031 22                      93 	.db #0x22	; 34
    00000032 FC                      94 	.db #0xfc	; 252
    00000033 23                      95 	.db #0x23	; 35
    00000034 24                      96 	.db #0x24	; 36
    00000035 25                      97 	.db #0x25	; 37
    00000036 FC                      98 	.db #0xfc	; 252
    00000037 26                      99 	.db #0x26	; 38
    00000038 27                     100 	.db #0x27	; 39
    00000039 13                     101 	.db #0x13	; 19
    0000003A 28                     102 	.db #0x28	; 40
    0000003B 29                     103 	.db #0x29	; 41
    0000003C 2A                     104 	.db #0x2a	; 42
    0000003D 2B                     105 	.db #0x2b	; 43
    0000003E 2C                     106 	.db #0x2c	; 44
    0000003F 11                     107 	.db #0x11	; 17
                                    108 	.area _INITIALIZER
                                    109 	.area _CABS (ABS)
