                                      1 ;--------------------------------------------------------
                                      2 ; File Created by SDCC : free open source ISO C Compiler
                                      3 ; Version 4.5.1 #15267 (Linux)
                                      4 ;--------------------------------------------------------
                                      5 	.module bkg_data
                                      6 	
                                      7 ;--------------------------------------------------------
                                      8 ; Public variables in this module
                                      9 ;--------------------------------------------------------
                                     10 	.globl _bkg_data
                                     11 ;--------------------------------------------------------
                                     12 ; special function registers
                                     13 ;--------------------------------------------------------
                                     14 ;--------------------------------------------------------
                                     15 ; ram data
                                     16 ;--------------------------------------------------------
                                     17 	.area _DATA
                                     18 ;--------------------------------------------------------
                                     19 ; ram data
                                     20 ;--------------------------------------------------------
                                     21 	.area _INITIALIZED
                                     22 ;--------------------------------------------------------
                                     23 ; absolute external ram data
                                     24 ;--------------------------------------------------------
                                     25 	.area _DABS (ABS)
                                     26 ;--------------------------------------------------------
                                     27 ; global & static initialisations
                                     28 ;--------------------------------------------------------
                                     29 	.area _HOME
                                     30 	.area _GSINIT
                                     31 	.area _GSFINAL
                                     32 	.area _GSINIT
                                     33 ;--------------------------------------------------------
                                     34 ; Home
                                     35 ;--------------------------------------------------------
                                     36 	.area _HOME
                                     37 	.area _HOME
                                     38 ;--------------------------------------------------------
                                     39 ; code
                                     40 ;--------------------------------------------------------
                                     41 	.area _CODE
                                     42 	.area _CODE
    00000000                         43 _bkg_data:
    00000000 FF                      44 	.db #0xff	; 255
    00000001 FF                      45 	.db #0xff	; 255
    00000002 FF                      46 	.db #0xff	; 255
    00000003 FF                      47 	.db #0xff	; 255
    00000004 FF                      48 	.db #0xff	; 255
    00000005 FF                      49 	.db #0xff	; 255
    00000006 FF                      50 	.db #0xff	; 255
    00000007 FF                      51 	.db #0xff	; 255
    00000008 FF                      52 	.db #0xff	; 255
    00000009 FF                      53 	.db #0xff	; 255
    0000000A FF                      54 	.db #0xff	; 255
    0000000B EF                      55 	.db #0xef	; 239
    0000000C FF                      56 	.db #0xff	; 255
    0000000D FF                      57 	.db #0xff	; 255
    0000000E FF                      58 	.db #0xff	; 255
    0000000F FF                      59 	.db #0xff	; 255
    00000010 FF                      60 	.db #0xff	; 255
    00000011 FF                      61 	.db #0xff	; 255
    00000012 FF                      62 	.db #0xff	; 255
    00000013 FF                      63 	.db #0xff	; 255
    00000014 FF                      64 	.db #0xff	; 255
    00000015 FF                      65 	.db #0xff	; 255
    00000016 FF                      66 	.db #0xff	; 255
    00000017 FF                      67 	.db #0xff	; 255
    00000018 FF                      68 	.db #0xff	; 255
    00000019 FF                      69 	.db #0xff	; 255
    0000001A FF                      70 	.db #0xff	; 255
    0000001B DF                      71 	.db #0xdf	; 223
    0000001C FF                      72 	.db #0xff	; 255
    0000001D FF                      73 	.db #0xff	; 255
    0000001E FF                      74 	.db #0xff	; 255
    0000001F FF                      75 	.db #0xff	; 255
    00000020 FF                      76 	.db #0xff	; 255
    00000021 FF                      77 	.db #0xff	; 255
    00000022 FF                      78 	.db #0xff	; 255
    00000023 FB                      79 	.db #0xfb	; 251
    00000024 FF                      80 	.db #0xff	; 255
    00000025 FF                      81 	.db #0xff	; 255
    00000026 FF                      82 	.db #0xff	; 255
    00000027 FF                      83 	.db #0xff	; 255
    00000028 FF                      84 	.db #0xff	; 255
    00000029 FF                      85 	.db #0xff	; 255
    0000002A FF                      86 	.db #0xff	; 255
    0000002B FF                      87 	.db #0xff	; 255
    0000002C FF                      88 	.db #0xff	; 255
    0000002D FF                      89 	.db #0xff	; 255
    0000002E FF                      90 	.db #0xff	; 255
    0000002F FF                      91 	.db #0xff	; 255
    00000030 FF                      92 	.db #0xff	; 255
    00000031 FF                      93 	.db #0xff	; 255
    00000032 FF                      94 	.db #0xff	; 255
    00000033 FF                      95 	.db #0xff	; 255
    00000034 FF                      96 	.db #0xff	; 255
    00000035 FF                      97 	.db #0xff	; 255
    00000036 FF                      98 	.db #0xff	; 255
    00000037 FF                      99 	.db #0xff	; 255
    00000038 FF                     100 	.db #0xff	; 255
    00000039 FF                     101 	.db #0xff	; 255
    0000003A FF                     102 	.db #0xff	; 255
    0000003B FF                     103 	.db #0xff	; 255
    0000003C F7                     104 	.db #0xf7	; 247
    0000003D F7                     105 	.db #0xf7	; 247
    0000003E FF                     106 	.db #0xff	; 255
    0000003F FF                     107 	.db #0xff	; 255
    00000040 FF                     108 	.db #0xff	; 255
    00000041 FF                     109 	.db #0xff	; 255
    00000042 FF                     110 	.db #0xff	; 255
    00000043 FF                     111 	.db #0xff	; 255
    00000044 FF                     112 	.db #0xff	; 255
    00000045 FF                     113 	.db #0xff	; 255
    00000046 FF                     114 	.db #0xff	; 255
    00000047 FF                     115 	.db #0xff	; 255
    00000048 FF                     116 	.db #0xff	; 255
    00000049 DF                     117 	.db #0xdf	; 223
    0000004A FF                     118 	.db #0xff	; 255
    0000004B FF                     119 	.db #0xff	; 255
    0000004C FF                     120 	.db #0xff	; 255
    0000004D FF                     121 	.db #0xff	; 255
    0000004E FF                     122 	.db #0xff	; 255
    0000004F FF                     123 	.db #0xff	; 255
    00000050 FF                     124 	.db #0xff	; 255
    00000051 FF                     125 	.db #0xff	; 255
    00000052 FF                     126 	.db #0xff	; 255
    00000053 FF                     127 	.db #0xff	; 255
    00000054 FF                     128 	.db #0xff	; 255
    00000055 FF                     129 	.db #0xff	; 255
    00000056 FF                     130 	.db #0xff	; 255
    00000057 FF                     131 	.db #0xff	; 255
    00000058 FF                     132 	.db #0xff	; 255
    00000059 FF                     133 	.db #0xff	; 255
    0000005A FF                     134 	.db #0xff	; 255
    0000005B FF                     135 	.db #0xff	; 255
    0000005C FF                     136 	.db #0xff	; 255
    0000005D FF                     137 	.db #0xff	; 255
    0000005E FF                     138 	.db #0xff	; 255
    0000005F 7F                     139 	.db #0x7f	; 127
    00000060 FF                     140 	.db #0xff	; 255
    00000061 FF                     141 	.db #0xff	; 255
    00000062 FF                     142 	.db #0xff	; 255
    00000063 FF                     143 	.db #0xff	; 255
    00000064 FF                     144 	.db #0xff	; 255
    00000065 FF                     145 	.db #0xff	; 255
    00000066 FF                     146 	.db #0xff	; 255
    00000067 FF                     147 	.db #0xff	; 255
    00000068 FF                     148 	.db #0xff	; 255
    00000069 F7                     149 	.db #0xf7	; 247
    0000006A FF                     150 	.db #0xff	; 255
    0000006B FF                     151 	.db #0xff	; 255
    0000006C FF                     152 	.db #0xff	; 255
    0000006D FF                     153 	.db #0xff	; 255
    0000006E FF                     154 	.db #0xff	; 255
    0000006F FF                     155 	.db #0xff	; 255
    00000070 FF                     156 	.db #0xff	; 255
    00000071 FF                     157 	.db #0xff	; 255
    00000072 DF                     158 	.db #0xdf	; 223
    00000073 FF                     159 	.db #0xff	; 255
    00000074 EF                     160 	.db #0xef	; 239
    00000075 FF                     161 	.db #0xff	; 255
    00000076 FF                     162 	.db #0xff	; 255
    00000077 F7                     163 	.db #0xf7	; 247
    00000078 FF                     164 	.db #0xff	; 255
    00000079 FB                     165 	.db #0xfb	; 251
    0000007A FF                     166 	.db #0xff	; 255
    0000007B FD                     167 	.db #0xfd	; 253
    0000007C FF                     168 	.db #0xff	; 255
    0000007D FE                     169 	.db #0xfe	; 254
    0000007E FE                     170 	.db #0xfe	; 254
    0000007F FF                     171 	.db #0xff	; 255
    00000080 FF                     172 	.db #0xff	; 255
    00000081 FF                     173 	.db #0xff	; 255
    00000082 FF                     174 	.db #0xff	; 255
    00000083 FF                     175 	.db #0xff	; 255
    00000084 F7                     176 	.db #0xf7	; 247
    00000085 FF                     177 	.db #0xff	; 255
    00000086 FF                     178 	.db #0xff	; 255
    00000087 FF                     179 	.db #0xff	; 255
    00000088 FF                     180 	.db #0xff	; 255
    00000089 FF                     181 	.db #0xff	; 255
    0000008A FF                     182 	.db #0xff	; 255
    0000008B FF                     183 	.db #0xff	; 255
    0000008C 7D                     184 	.db #0x7d	; 125
    0000008D FE                     185 	.db #0xfe	; 254
    0000008E 7C                     186 	.db #0x7c	; 124
    0000008F 39                     187 	.db #0x39	; 57	'9'
    00000090 FF                     188 	.db #0xff	; 255
    00000091 FF                     189 	.db #0xff	; 255
    00000092 F7                     190 	.db #0xf7	; 247
    00000093 FF                     191 	.db #0xff	; 255
    00000094 EF                     192 	.db #0xef	; 239
    00000095 FF                     193 	.db #0xff	; 255
    00000096 FF                     194 	.db #0xff	; 255
    00000097 DF                     195 	.db #0xdf	; 223
    00000098 FF                     196 	.db #0xff	; 255
    00000099 BF                     197 	.db #0xbf	; 191
    0000009A FF                     198 	.db #0xff	; 255
    0000009B 7F                     199 	.db #0x7f	; 127
    0000009C FF                     200 	.db #0xff	; 255
    0000009D FF                     201 	.db #0xff	; 255
    0000009E FF                     202 	.db #0xff	; 255
    0000009F FF                     203 	.db #0xff	; 255
    000000A0 FF                     204 	.db #0xff	; 255
    000000A1 FF                     205 	.db #0xff	; 255
    000000A2 FF                     206 	.db #0xff	; 255
    000000A3 FF                     207 	.db #0xff	; 255
    000000A4 FF                     208 	.db #0xff	; 255
    000000A5 FF                     209 	.db #0xff	; 255
    000000A6 FF                     210 	.db #0xff	; 255
    000000A7 FF                     211 	.db #0xff	; 255
    000000A8 FF                     212 	.db #0xff	; 255
    000000A9 FF                     213 	.db #0xff	; 255
    000000AA DF                     214 	.db #0xdf	; 223
    000000AB FF                     215 	.db #0xff	; 255
    000000AC FF                     216 	.db #0xff	; 255
    000000AD FF                     217 	.db #0xff	; 255
    000000AE FF                     218 	.db #0xff	; 255
    000000AF FF                     219 	.db #0xff	; 255
    000000B0 FF                     220 	.db #0xff	; 255
    000000B1 FF                     221 	.db #0xff	; 255
    000000B2 FF                     222 	.db #0xff	; 255
    000000B3 FF                     223 	.db #0xff	; 255
    000000B4 FF                     224 	.db #0xff	; 255
    000000B5 FF                     225 	.db #0xff	; 255
    000000B6 FF                     226 	.db #0xff	; 255
    000000B7 FF                     227 	.db #0xff	; 255
    000000B8 FF                     228 	.db #0xff	; 255
    000000B9 FF                     229 	.db #0xff	; 255
    000000BA FE                     230 	.db #0xfe	; 254
    000000BB FF                     231 	.db #0xff	; 255
    000000BC FF                     232 	.db #0xff	; 255
    000000BD FE                     233 	.db #0xfe	; 254
    000000BE FF                     234 	.db #0xff	; 255
    000000BF FD                     235 	.db #0xfd	; 253
    000000C0 BB                     236 	.db #0xbb	; 187
    000000C1 01                     237 	.db #0x01	; 1
    000000C2 C7                     238 	.db #0xc7	; 199
    000000C3 83                     239 	.db #0x83	; 131
    000000C4 C7                     240 	.db #0xc7	; 199
    000000C5 83                     241 	.db #0x83	; 131
    000000C6 C7                     242 	.db #0xc7	; 199
    000000C7 83                     243 	.db #0x83	; 131
    000000C8 BB                     244 	.db #0xbb	; 187
    000000C9 01                     245 	.db #0x01	; 1
    000000CA 7C                     246 	.db #0x7c	; 124
    000000CB 39                     247 	.db #0x39	; 57	'9'
    000000CC 7D                     248 	.db #0x7d	; 125
    000000CD FE                     249 	.db #0xfe	; 254
    000000CE FF                     250 	.db #0xff	; 255
    000000CF FF                     251 	.db #0xff	; 255
    000000D0 FF                     252 	.db #0xff	; 255
    000000D1 FF                     253 	.db #0xff	; 255
    000000D2 FF                     254 	.db #0xff	; 255
    000000D3 FF                     255 	.db #0xff	; 255
    000000D4 FF                     256 	.db #0xff	; 255
    000000D5 FF                     257 	.db #0xff	; 255
    000000D6 FF                     258 	.db #0xff	; 255
    000000D7 FF                     259 	.db #0xff	; 255
    000000D8 FF                     260 	.db #0xff	; 255
    000000D9 FD                     261 	.db #0xfd	; 253
    000000DA FF                     262 	.db #0xff	; 255
    000000DB FF                     263 	.db #0xff	; 255
    000000DC FF                     264 	.db #0xff	; 255
    000000DD FF                     265 	.db #0xff	; 255
    000000DE FF                     266 	.db #0xff	; 255
    000000DF 7F                     267 	.db #0x7f	; 127
    000000E0 FF                     268 	.db #0xff	; 255
    000000E1 FF                     269 	.db #0xff	; 255
    000000E2 FF                     270 	.db #0xff	; 255
    000000E3 FF                     271 	.db #0xff	; 255
    000000E4 FD                     272 	.db #0xfd	; 253
    000000E5 FF                     273 	.db #0xff	; 255
    000000E6 FF                     274 	.db #0xff	; 255
    000000E7 FE                     275 	.db #0xfe	; 254
    000000E8 FF                     276 	.db #0xff	; 255
    000000E9 FF                     277 	.db #0xff	; 255
    000000EA FF                     278 	.db #0xff	; 255
    000000EB 7F                     279 	.db #0x7f	; 127
    000000EC FF                     280 	.db #0xff	; 255
    000000ED FF                     281 	.db #0xff	; 255
    000000EE FF                     282 	.db #0xff	; 255
    000000EF FF                     283 	.db #0xff	; 255
    000000F0 FF                     284 	.db #0xff	; 255
    000000F1 FF                     285 	.db #0xff	; 255
    000000F2 FF                     286 	.db #0xff	; 255
    000000F3 FF                     287 	.db #0xff	; 255
    000000F4 FD                     288 	.db #0xfd	; 253
    000000F5 FF                     289 	.db #0xff	; 255
    000000F6 FF                     290 	.db #0xff	; 255
    000000F7 FB                     291 	.db #0xfb	; 251
    000000F8 AF                     292 	.db #0xaf	; 175
    000000F9 77                     293 	.db #0x77	; 119	'w'
    000000FA 27                     294 	.db #0x27	; 39
    000000FB 8F                     295 	.db #0x8f	; 143
    000000FC DF                     296 	.db #0xdf	; 223
    000000FD 8F                     297 	.db #0x8f	; 143
    000000FE 27                     298 	.db #0x27	; 39
    000000FF 8F                     299 	.db #0x8f	; 143
    00000100 FF                     300 	.db #0xff	; 255
    00000101 FF                     301 	.db #0xff	; 255
    00000102 FF                     302 	.db #0xff	; 255
    00000103 FE                     303 	.db #0xfe	; 254
    00000104 FF                     304 	.db #0xff	; 255
    00000105 FF                     305 	.db #0xff	; 255
    00000106 FF                     306 	.db #0xff	; 255
    00000107 FF                     307 	.db #0xff	; 255
    00000108 FF                     308 	.db #0xff	; 255
    00000109 FF                     309 	.db #0xff	; 255
    0000010A FF                     310 	.db #0xff	; 255
    0000010B FF                     311 	.db #0xff	; 255
    0000010C FF                     312 	.db #0xff	; 255
    0000010D FF                     313 	.db #0xff	; 255
    0000010E FF                     314 	.db #0xff	; 255
    0000010F FF                     315 	.db #0xff	; 255
    00000110 FF                     316 	.db #0xff	; 255
    00000111 FB                     317 	.db #0xfb	; 251
    00000112 FF                     318 	.db #0xff	; 255
    00000113 F7                     319 	.db #0xf7	; 247
    00000114 EF                     320 	.db #0xef	; 239
    00000115 FF                     321 	.db #0xff	; 255
    00000116 DF                     322 	.db #0xdf	; 223
    00000117 FF                     323 	.db #0xff	; 255
    00000118 FF                     324 	.db #0xff	; 255
    00000119 FF                     325 	.db #0xff	; 255
    0000011A FF                     326 	.db #0xff	; 255
    0000011B FF                     327 	.db #0xff	; 255
    0000011C FF                     328 	.db #0xff	; 255
    0000011D FF                     329 	.db #0xff	; 255
    0000011E FF                     330 	.db #0xff	; 255
    0000011F FF                     331 	.db #0xff	; 255
    00000120 FF                     332 	.db #0xff	; 255
    00000121 FF                     333 	.db #0xff	; 255
    00000122 FF                     334 	.db #0xff	; 255
    00000123 FF                     335 	.db #0xff	; 255
    00000124 FF                     336 	.db #0xff	; 255
    00000125 FF                     337 	.db #0xff	; 255
    00000126 7F                     338 	.db #0x7f	; 127
    00000127 FF                     339 	.db #0xff	; 255
    00000128 FF                     340 	.db #0xff	; 255
    00000129 FB                     341 	.db #0xfb	; 251
    0000012A FF                     342 	.db #0xff	; 255
    0000012B FF                     343 	.db #0xff	; 255
    0000012C FF                     344 	.db #0xff	; 255
    0000012D FF                     345 	.db #0xff	; 255
    0000012E FF                     346 	.db #0xff	; 255
    0000012F FF                     347 	.db #0xff	; 255
    00000130 FF                     348 	.db #0xff	; 255
    00000131 BF                     349 	.db #0xbf	; 191
    00000132 FF                     350 	.db #0xff	; 255
    00000133 DF                     351 	.db #0xdf	; 223
    00000134 EF                     352 	.db #0xef	; 239
    00000135 FF                     353 	.db #0xff	; 255
    00000136 F7                     354 	.db #0xf7	; 247
    00000137 FF                     355 	.db #0xff	; 255
    00000138 FF                     356 	.db #0xff	; 255
    00000139 FF                     357 	.db #0xff	; 255
    0000013A FF                     358 	.db #0xff	; 255
    0000013B FF                     359 	.db #0xff	; 255
    0000013C FF                     360 	.db #0xff	; 255
    0000013D FF                     361 	.db #0xff	; 255
    0000013E FF                     362 	.db #0xff	; 255
    0000013F FF                     363 	.db #0xff	; 255
    00000140 FF                     364 	.db #0xff	; 255
    00000141 FF                     365 	.db #0xff	; 255
    00000142 FF                     366 	.db #0xff	; 255
    00000143 FF                     367 	.db #0xff	; 255
    00000144 FF                     368 	.db #0xff	; 255
    00000145 FF                     369 	.db #0xff	; 255
    00000146 FF                     370 	.db #0xff	; 255
    00000147 FF                     371 	.db #0xff	; 255
    00000148 FF                     372 	.db #0xff	; 255
    00000149 FD                     373 	.db #0xfd	; 253
    0000014A FF                     374 	.db #0xff	; 255
    0000014B FF                     375 	.db #0xff	; 255
    0000014C FF                     376 	.db #0xff	; 255
    0000014D FF                     377 	.db #0xff	; 255
    0000014E FF                     378 	.db #0xff	; 255
    0000014F FF                     379 	.db #0xff	; 255
    00000150 FF                     380 	.db #0xff	; 255
    00000151 FF                     381 	.db #0xff	; 255
    00000152 FF                     382 	.db #0xff	; 255
    00000153 FE                     383 	.db #0xfe	; 254
    00000154 FD                     384 	.db #0xfd	; 253
    00000155 FF                     385 	.db #0xff	; 255
    00000156 FF                     386 	.db #0xff	; 255
    00000157 FF                     387 	.db #0xff	; 255
    00000158 FF                     388 	.db #0xff	; 255
    00000159 FF                     389 	.db #0xff	; 255
    0000015A FF                     390 	.db #0xff	; 255
    0000015B FF                     391 	.db #0xff	; 255
    0000015C FF                     392 	.db #0xff	; 255
    0000015D FF                     393 	.db #0xff	; 255
    0000015E FF                     394 	.db #0xff	; 255
    0000015F FF                     395 	.db #0xff	; 255
    00000160 AF                     396 	.db #0xaf	; 175
    00000161 77                     397 	.db #0x77	; 119	'w'
    00000162 FF                     398 	.db #0xff	; 255
    00000163 FB                     399 	.db #0xfb	; 251
    00000164 FD                     400 	.db #0xfd	; 253
    00000165 FF                     401 	.db #0xff	; 255
    00000166 FF                     402 	.db #0xff	; 255
    00000167 FF                     403 	.db #0xff	; 255
    00000168 FF                     404 	.db #0xff	; 255
    00000169 FF                     405 	.db #0xff	; 255
    0000016A FF                     406 	.db #0xff	; 255
    0000016B FF                     407 	.db #0xff	; 255
    0000016C FF                     408 	.db #0xff	; 255
    0000016D FF                     409 	.db #0xff	; 255
    0000016E FF                     410 	.db #0xff	; 255
    0000016F FF                     411 	.db #0xff	; 255
    00000170 FF                     412 	.db #0xff	; 255
    00000171 FF                     413 	.db #0xff	; 255
    00000172 FF                     414 	.db #0xff	; 255
    00000173 FD                     415 	.db #0xfd	; 253
    00000174 FF                     416 	.db #0xff	; 255
    00000175 FF                     417 	.db #0xff	; 255
    00000176 FF                     418 	.db #0xff	; 255
    00000177 FF                     419 	.db #0xff	; 255
    00000178 FF                     420 	.db #0xff	; 255
    00000179 FF                     421 	.db #0xff	; 255
    0000017A FF                     422 	.db #0xff	; 255
    0000017B FF                     423 	.db #0xff	; 255
    0000017C FF                     424 	.db #0xff	; 255
    0000017D FF                     425 	.db #0xff	; 255
    0000017E FB                     426 	.db #0xfb	; 251
    0000017F FF                     427 	.db #0xff	; 255
    00000180 FF                     428 	.db #0xff	; 255
    00000181 FF                     429 	.db #0xff	; 255
    00000182 FF                     430 	.db #0xff	; 255
    00000183 FF                     431 	.db #0xff	; 255
    00000184 FE                     432 	.db #0xfe	; 254
    00000185 FF                     433 	.db #0xff	; 255
    00000186 FF                     434 	.db #0xff	; 255
    00000187 FF                     435 	.db #0xff	; 255
    00000188 FF                     436 	.db #0xff	; 255
    00000189 FF                     437 	.db #0xff	; 255
    0000018A FF                     438 	.db #0xff	; 255
    0000018B FF                     439 	.db #0xff	; 255
    0000018C FF                     440 	.db #0xff	; 255
    0000018D 7F                     441 	.db #0x7f	; 127
    0000018E FF                     442 	.db #0xff	; 255
    0000018F FF                     443 	.db #0xff	; 255
    00000190 FF                     444 	.db #0xff	; 255
    00000191 FF                     445 	.db #0xff	; 255
    00000192 FF                     446 	.db #0xff	; 255
    00000193 FF                     447 	.db #0xff	; 255
    00000194 FF                     448 	.db #0xff	; 255
    00000195 FF                     449 	.db #0xff	; 255
    00000196 FF                     450 	.db #0xff	; 255
    00000197 FF                     451 	.db #0xff	; 255
    00000198 FF                     452 	.db #0xff	; 255
    00000199 FF                     453 	.db #0xff	; 255
    0000019A F7                     454 	.db #0xf7	; 247
    0000019B FF                     455 	.db #0xff	; 255
    0000019C FF                     456 	.db #0xff	; 255
    0000019D FF                     457 	.db #0xff	; 255
    0000019E FF                     458 	.db #0xff	; 255
    0000019F FF                     459 	.db #0xff	; 255
    000001A0 FF                     460 	.db #0xff	; 255
    000001A1 FF                     461 	.db #0xff	; 255
    000001A2 FF                     462 	.db #0xff	; 255
    000001A3 FF                     463 	.db #0xff	; 255
    000001A4 FF                     464 	.db #0xff	; 255
    000001A5 FB                     465 	.db #0xfb	; 251
    000001A6 FF                     466 	.db #0xff	; 255
    000001A7 FF                     467 	.db #0xff	; 255
    000001A8 FF                     468 	.db #0xff	; 255
    000001A9 FF                     469 	.db #0xff	; 255
    000001AA FF                     470 	.db #0xff	; 255
    000001AB FF                     471 	.db #0xff	; 255
    000001AC FF                     472 	.db #0xff	; 255
    000001AD FF                     473 	.db #0xff	; 255
    000001AE FE                     474 	.db #0xfe	; 254
    000001AF FF                     475 	.db #0xff	; 255
    000001B0 FF                     476 	.db #0xff	; 255
    000001B1 FF                     477 	.db #0xff	; 255
    000001B2 FF                     478 	.db #0xff	; 255
    000001B3 FF                     479 	.db #0xff	; 255
    000001B4 FF                     480 	.db #0xff	; 255
    000001B5 FF                     481 	.db #0xff	; 255
    000001B6 FF                     482 	.db #0xff	; 255
    000001B7 FF                     483 	.db #0xff	; 255
    000001B8 FF                     484 	.db #0xff	; 255
    000001B9 FF                     485 	.db #0xff	; 255
    000001BA FE                     486 	.db #0xfe	; 254
    000001BB FF                     487 	.db #0xff	; 255
    000001BC 7D                     488 	.db #0x7d	; 125
    000001BD FE                     489 	.db #0xfe	; 254
    000001BE 7C                     490 	.db #0x7c	; 124
    000001BF 39                     491 	.db #0x39	; 57	'9'
    000001C0 FF                     492 	.db #0xff	; 255
    000001C1 FF                     493 	.db #0xff	; 255
    000001C2 F7                     494 	.db #0xf7	; 247
    000001C3 FF                     495 	.db #0xff	; 255
    000001C4 EF                     496 	.db #0xef	; 239
    000001C5 FF                     497 	.db #0xff	; 255
    000001C6 FF                     498 	.db #0xff	; 255
    000001C7 DF                     499 	.db #0xdf	; 223
    000001C8 FF                     500 	.db #0xff	; 255
    000001C9 BF                     501 	.db #0xbf	; 191
    000001CA FF                     502 	.db #0xff	; 255
    000001CB 7F                     503 	.db #0x7f	; 127
    000001CC 7F                     504 	.db #0x7f	; 127
    000001CD FF                     505 	.db #0xff	; 255
    000001CE FF                     506 	.db #0xff	; 255
    000001CF FF                     507 	.db #0xff	; 255
    000001D0 FF                     508 	.db #0xff	; 255
    000001D1 FF                     509 	.db #0xff	; 255
    000001D2 FF                     510 	.db #0xff	; 255
    000001D3 FF                     511 	.db #0xff	; 255
    000001D4 FF                     512 	.db #0xff	; 255
    000001D5 FF                     513 	.db #0xff	; 255
    000001D6 BF                     514 	.db #0xbf	; 191
    000001D7 FF                     515 	.db #0xff	; 255
    000001D8 FF                     516 	.db #0xff	; 255
    000001D9 FF                     517 	.db #0xff	; 255
    000001DA FF                     518 	.db #0xff	; 255
    000001DB FF                     519 	.db #0xff	; 255
    000001DC FD                     520 	.db #0xfd	; 253
    000001DD FF                     521 	.db #0xff	; 255
    000001DE FF                     522 	.db #0xff	; 255
    000001DF FF                     523 	.db #0xff	; 255
    000001E0 FF                     524 	.db #0xff	; 255
    000001E1 FF                     525 	.db #0xff	; 255
    000001E2 FF                     526 	.db #0xff	; 255
    000001E3 FF                     527 	.db #0xff	; 255
    000001E4 FF                     528 	.db #0xff	; 255
    000001E5 EF                     529 	.db #0xef	; 239
    000001E6 FF                     530 	.db #0xff	; 255
    000001E7 FF                     531 	.db #0xff	; 255
    000001E8 FF                     532 	.db #0xff	; 255
    000001E9 FF                     533 	.db #0xff	; 255
    000001EA FF                     534 	.db #0xff	; 255
    000001EB FF                     535 	.db #0xff	; 255
    000001EC FF                     536 	.db #0xff	; 255
    000001ED FF                     537 	.db #0xff	; 255
    000001EE FF                     538 	.db #0xff	; 255
    000001EF FF                     539 	.db #0xff	; 255
    000001F0 FF                     540 	.db #0xff	; 255
    000001F1 FF                     541 	.db #0xff	; 255
    000001F2 FF                     542 	.db #0xff	; 255
    000001F3 FF                     543 	.db #0xff	; 255
    000001F4 FF                     544 	.db #0xff	; 255
    000001F5 FF                     545 	.db #0xff	; 255
    000001F6 FF                     546 	.db #0xff	; 255
    000001F7 FF                     547 	.db #0xff	; 255
    000001F8 FF                     548 	.db #0xff	; 255
    000001F9 FF                     549 	.db #0xff	; 255
    000001FA FF                     550 	.db #0xff	; 255
    000001FB FF                     551 	.db #0xff	; 255
    000001FC FF                     552 	.db #0xff	; 255
    000001FD FF                     553 	.db #0xff	; 255
    000001FE 7F                     554 	.db #0x7f	; 127
    000001FF FD                     555 	.db #0xfd	; 253
    00000200 FF                     556 	.db #0xff	; 255
    00000201 FF                     557 	.db #0xff	; 255
    00000202 DF                     558 	.db #0xdf	; 223
    00000203 FF                     559 	.db #0xff	; 255
    00000204 EF                     560 	.db #0xef	; 239
    00000205 FF                     561 	.db #0xff	; 255
    00000206 FF                     562 	.db #0xff	; 255
    00000207 F7                     563 	.db #0xf7	; 247
    00000208 FF                     564 	.db #0xff	; 255
    00000209 FB                     565 	.db #0xfb	; 251
    0000020A FE                     566 	.db #0xfe	; 254
    0000020B FD                     567 	.db #0xfd	; 253
    0000020C FD                     568 	.db #0xfd	; 253
    0000020D FE                     569 	.db #0xfe	; 254
    0000020E FE                     570 	.db #0xfe	; 254
    0000020F FF                     571 	.db #0xff	; 255
    00000210 AB                     572 	.db #0xab	; 171
    00000211 11                     573 	.db #0x11	; 17
    00000212 C7                     574 	.db #0xc7	; 199
    00000213 83                     575 	.db #0x83	; 131
    00000214 83                     576 	.db #0x83	; 131
    00000215 C7                     577 	.db #0xc7	; 199
    00000216 C7                     578 	.db #0xc7	; 199
    00000217 83                     579 	.db #0x83	; 131
    00000218 AB                     580 	.db #0xab	; 171
    00000219 11                     581 	.db #0x11	; 17
    0000021A 7C                     582 	.db #0x7c	; 124
    0000021B 39                     583 	.db #0x39	; 57	'9'
    0000021C 7D                     584 	.db #0x7d	; 125
    0000021D FE                     585 	.db #0xfe	; 254
    0000021E FE                     586 	.db #0xfe	; 254
    0000021F FF                     587 	.db #0xff	; 255
    00000220 FF                     588 	.db #0xff	; 255
    00000221 FF                     589 	.db #0xff	; 255
    00000222 FF                     590 	.db #0xff	; 255
    00000223 FF                     591 	.db #0xff	; 255
    00000224 FB                     592 	.db #0xfb	; 251
    00000225 DF                     593 	.db #0xdf	; 223
    00000226 FF                     594 	.db #0xff	; 255
    00000227 FF                     595 	.db #0xff	; 255
    00000228 FF                     596 	.db #0xff	; 255
    00000229 FF                     597 	.db #0xff	; 255
    0000022A FF                     598 	.db #0xff	; 255
    0000022B FF                     599 	.db #0xff	; 255
    0000022C 7F                     600 	.db #0x7f	; 127
    0000022D FF                     601 	.db #0xff	; 255
    0000022E FF                     602 	.db #0xff	; 255
    0000022F 7F                     603 	.db #0x7f	; 127
    00000230 FB                     604 	.db #0xfb	; 251
    00000231 FF                     605 	.db #0xff	; 255
    00000232 FF                     606 	.db #0xff	; 255
    00000233 FD                     607 	.db #0xfd	; 253
    00000234 FE                     608 	.db #0xfe	; 254
    00000235 FE                     609 	.db #0xfe	; 254
    00000236 FE                     610 	.db #0xfe	; 254
    00000237 FF                     611 	.db #0xff	; 255
    00000238 FE                     612 	.db #0xfe	; 254
    00000239 FE                     613 	.db #0xfe	; 254
    0000023A FF                     614 	.db #0xff	; 255
    0000023B FD                     615 	.db #0xfd	; 253
    0000023C FB                     616 	.db #0xfb	; 251
    0000023D FF                     617 	.db #0xff	; 255
    0000023E FF                     618 	.db #0xff	; 255
    0000023F FF                     619 	.db #0xff	; 255
    00000240 EF                     620 	.db #0xef	; 239
    00000241 FF                     621 	.db #0xff	; 255
    00000242 FF                     622 	.db #0xff	; 255
    00000243 DF                     623 	.db #0xdf	; 223
    00000244 3F                     624 	.db #0x3f	; 63
    00000245 BF                     625 	.db #0xbf	; 191
    00000246 3F                     626 	.db #0x3f	; 63
    00000247 7F                     627 	.db #0x7f	; 127
    00000248 3F                     628 	.db #0x3f	; 63
    00000249 BF                     629 	.db #0xbf	; 191
    0000024A FF                     630 	.db #0xff	; 255
    0000024B DF                     631 	.db #0xdf	; 223
    0000024C EF                     632 	.db #0xef	; 239
    0000024D FF                     633 	.db #0xff	; 255
    0000024E FF                     634 	.db #0xff	; 255
    0000024F FF                     635 	.db #0xff	; 255
    00000250 FF                     636 	.db #0xff	; 255
    00000251 FF                     637 	.db #0xff	; 255
    00000252 FF                     638 	.db #0xff	; 255
    00000253 FF                     639 	.db #0xff	; 255
    00000254 FF                     640 	.db #0xff	; 255
    00000255 FF                     641 	.db #0xff	; 255
    00000256 FF                     642 	.db #0xff	; 255
    00000257 FF                     643 	.db #0xff	; 255
    00000258 FF                     644 	.db #0xff	; 255
    00000259 FF                     645 	.db #0xff	; 255
    0000025A EF                     646 	.db #0xef	; 239
    0000025B FB                     647 	.db #0xfb	; 251
    0000025C FF                     648 	.db #0xff	; 255
    0000025D FF                     649 	.db #0xff	; 255
    0000025E FF                     650 	.db #0xff	; 255
    0000025F FF                     651 	.db #0xff	; 255
    00000260 FF                     652 	.db #0xff	; 255
    00000261 FF                     653 	.db #0xff	; 255
    00000262 FF                     654 	.db #0xff	; 255
    00000263 FF                     655 	.db #0xff	; 255
    00000264 FF                     656 	.db #0xff	; 255
    00000265 FF                     657 	.db #0xff	; 255
    00000266 FF                     658 	.db #0xff	; 255
    00000267 FF                     659 	.db #0xff	; 255
    00000268 FF                     660 	.db #0xff	; 255
    00000269 FF                     661 	.db #0xff	; 255
    0000026A FE                     662 	.db #0xfe	; 254
    0000026B FF                     663 	.db #0xff	; 255
    0000026C FD                     664 	.db #0xfd	; 253
    0000026D FE                     665 	.db #0xfe	; 254
    0000026E FE                     666 	.db #0xfe	; 254
    0000026F FD                     667 	.db #0xfd	; 253
    00000270 FF                     668 	.db #0xff	; 255
    00000271 FF                     669 	.db #0xff	; 255
    00000272 FF                     670 	.db #0xff	; 255
    00000273 FF                     671 	.db #0xff	; 255
    00000274 FF                     672 	.db #0xff	; 255
    00000275 FF                     673 	.db #0xff	; 255
    00000276 FF                     674 	.db #0xff	; 255
    00000277 FF                     675 	.db #0xff	; 255
    00000278 FF                     676 	.db #0xff	; 255
    00000279 FF                     677 	.db #0xff	; 255
    0000027A FF                     678 	.db #0xff	; 255
    0000027B FF                     679 	.db #0xff	; 255
    0000027C FF                     680 	.db #0xff	; 255
    0000027D FB                     681 	.db #0xfb	; 251
    0000027E FF                     682 	.db #0xff	; 255
    0000027F FF                     683 	.db #0xff	; 255
    00000280 F7                     684 	.db #0xf7	; 247
    00000281 FF                     685 	.db #0xff	; 255
    00000282 FB                     686 	.db #0xfb	; 251
    00000283 FF                     687 	.db #0xff	; 255
    00000284 FF                     688 	.db #0xff	; 255
    00000285 FF                     689 	.db #0xff	; 255
    00000286 FF                     690 	.db #0xff	; 255
    00000287 FF                     691 	.db #0xff	; 255
    00000288 FF                     692 	.db #0xff	; 255
    00000289 FF                     693 	.db #0xff	; 255
    0000028A FF                     694 	.db #0xff	; 255
    0000028B FF                     695 	.db #0xff	; 255
    0000028C FF                     696 	.db #0xff	; 255
    0000028D FF                     697 	.db #0xff	; 255
    0000028E FF                     698 	.db #0xff	; 255
    0000028F FF                     699 	.db #0xff	; 255
    00000290 FF                     700 	.db #0xff	; 255
    00000291 FF                     701 	.db #0xff	; 255
    00000292 FF                     702 	.db #0xff	; 255
    00000293 FF                     703 	.db #0xff	; 255
    00000294 FF                     704 	.db #0xff	; 255
    00000295 BF                     705 	.db #0xbf	; 191
    00000296 FF                     706 	.db #0xff	; 255
    00000297 FF                     707 	.db #0xff	; 255
    00000298 FF                     708 	.db #0xff	; 255
    00000299 FF                     709 	.db #0xff	; 255
    0000029A FF                     710 	.db #0xff	; 255
    0000029B FF                     711 	.db #0xff	; 255
    0000029C FF                     712 	.db #0xff	; 255
    0000029D FF                     713 	.db #0xff	; 255
    0000029E FF                     714 	.db #0xff	; 255
    0000029F FF                     715 	.db #0xff	; 255
    000002A0 FF                     716 	.db #0xff	; 255
    000002A1 FF                     717 	.db #0xff	; 255
    000002A2 FF                     718 	.db #0xff	; 255
    000002A3 FF                     719 	.db #0xff	; 255
    000002A4 FF                     720 	.db #0xff	; 255
    000002A5 FF                     721 	.db #0xff	; 255
    000002A6 FF                     722 	.db #0xff	; 255
    000002A7 FF                     723 	.db #0xff	; 255
    000002A8 FF                     724 	.db #0xff	; 255
    000002A9 FE                     725 	.db #0xfe	; 254
    000002AA FE                     726 	.db #0xfe	; 254
    000002AB FF                     727 	.db #0xff	; 255
    000002AC FF                     728 	.db #0xff	; 255
    000002AD FF                     729 	.db #0xff	; 255
    000002AE FF                     730 	.db #0xff	; 255
    000002AF FF                     731 	.db #0xff	; 255
    000002B0 FF                     732 	.db #0xff	; 255
    000002B1 FF                     733 	.db #0xff	; 255
    000002B2 FF                     734 	.db #0xff	; 255
    000002B3 FF                     735 	.db #0xff	; 255
    000002B4 FF                     736 	.db #0xff	; 255
    000002B5 FF                     737 	.db #0xff	; 255
    000002B6 FF                     738 	.db #0xff	; 255
    000002B7 FD                     739 	.db #0xfd	; 253
    000002B8 FF                     740 	.db #0xff	; 255
    000002B9 FF                     741 	.db #0xff	; 255
    000002BA FF                     742 	.db #0xff	; 255
    000002BB FF                     743 	.db #0xff	; 255
    000002BC FF                     744 	.db #0xff	; 255
    000002BD FF                     745 	.db #0xff	; 255
    000002BE FF                     746 	.db #0xff	; 255
    000002BF FF                     747 	.db #0xff	; 255
    000002C0 FF                     748 	.db #0xff	; 255
    000002C1 FF                     749 	.db #0xff	; 255
    000002C2 FF                     750 	.db #0xff	; 255
    000002C3 FF                     751 	.db #0xff	; 255
    000002C4 7F                     752 	.db #0x7f	; 127
    000002C5 FF                     753 	.db #0xff	; 255
    000002C6 FF                     754 	.db #0xff	; 255
    000002C7 FF                     755 	.db #0xff	; 255
    000002C8 FF                     756 	.db #0xff	; 255
    000002C9 FF                     757 	.db #0xff	; 255
    000002CA FF                     758 	.db #0xff	; 255
    000002CB FF                     759 	.db #0xff	; 255
    000002CC FF                     760 	.db #0xff	; 255
    000002CD FF                     761 	.db #0xff	; 255
    000002CE FF                     762 	.db #0xff	; 255
    000002CF FF                     763 	.db #0xff	; 255
                                    764 	.area _INITIALIZER
                                    765 	.area _CABS (ABS)
