                                      1 ;--------------------------------------------------------
                                      2 ; File Created by SDCC : free open source ISO C Compiler
                                      3 ; Version 4.5.1 #15267 (Linux)
                                      4 ;--------------------------------------------------------
                                      5 	.module face
                                      6 	
                                      7 ;--------------------------------------------------------
                                      8 ; Public variables in this module
                                      9 ;--------------------------------------------------------
                                     10 	.globl _face
                                     11 ;--------------------------------------------------------
                                     12 ; special function registers
                                     13 ;--------------------------------------------------------
                                     14 ;--------------------------------------------------------
                                     15 ; ram data
                                     16 ;--------------------------------------------------------
                                     17 	.area _DATA
                                     18 ;--------------------------------------------------------
                                     19 ; ram data
                                     20 ;--------------------------------------------------------
                                     21 	.area _INITIALIZED
                                     22 ;--------------------------------------------------------
                                     23 ; absolute external ram data
                                     24 ;--------------------------------------------------------
                                     25 	.area _DABS (ABS)
                                     26 ;--------------------------------------------------------
                                     27 ; global & static initialisations
                                     28 ;--------------------------------------------------------
                                     29 	.area _HOME
                                     30 	.area _GSINIT
                                     31 	.area _GSFINAL
                                     32 	.area _GSINIT
                                     33 ;--------------------------------------------------------
                                     34 ; Home
                                     35 ;--------------------------------------------------------
                                     36 	.area _HOME
                                     37 	.area _HOME
                                     38 ;--------------------------------------------------------
                                     39 ; code
                                     40 ;--------------------------------------------------------
                                     41 	.area _CODE
                                     42 	.area _CODE
    00000000                         43 _face:
    00000000 03                      44 	.db #0x03	; 3
    00000001 03                      45 	.db #0x03	; 3
    00000002 0F                      46 	.db #0x0f	; 15
    00000003 0C                      47 	.db #0x0c	; 12
    00000004 1F                      48 	.db #0x1f	; 31
    00000005 10                      49 	.db #0x10	; 16
    00000006 33                      50 	.db #0x33	; 51	'3'
    00000007 2C                      51 	.db #0x2c	; 44
    00000008 7F                      52 	.db #0x7f	; 127
    00000009 40                      53 	.db #0x40	; 64
    0000000A 7F                      54 	.db #0x7f	; 127
    0000000B 44                      55 	.db #0x44	; 68	'D'
    0000000C FF                      56 	.db #0xff	; 255
    0000000D 84                      57 	.db #0x84	; 132
    0000000E FF                      58 	.db #0xff	; 255
    0000000F 80                      59 	.db #0x80	; 128
    00000010 FF                      60 	.db #0xff	; 255
    00000011 80                      61 	.db #0x80	; 128
    00000012 FF                      62 	.db #0xff	; 255
    00000013 80                      63 	.db #0x80	; 128
    00000014 7F                      64 	.db #0x7f	; 127
    00000015 41                      65 	.db #0x41	; 65	'A'
    00000016 7F                      66 	.db #0x7f	; 127
    00000017 41                      67 	.db #0x41	; 65	'A'
    00000018 3F                      68 	.db #0x3f	; 63
    00000019 20                      69 	.db #0x20	; 32
    0000001A 1F                      70 	.db #0x1f	; 31
    0000001B 10                      71 	.db #0x10	; 16
    0000001C 0F                      72 	.db #0x0f	; 15
    0000001D 0C                      73 	.db #0x0c	; 12
    0000001E 03                      74 	.db #0x03	; 3
    0000001F 03                      75 	.db #0x03	; 3
    00000020 C0                      76 	.db #0xc0	; 192
    00000021 C0                      77 	.db #0xc0	; 192
    00000022 F0                      78 	.db #0xf0	; 240
    00000023 30                      79 	.db #0x30	; 48	'0'
    00000024 F8                      80 	.db #0xf8	; 248
    00000025 08                      81 	.db #0x08	; 8
    00000026 3C                      82 	.db #0x3c	; 60
    00000027 C4                      83 	.db #0xc4	; 196
    00000028 DE                      84 	.db #0xde	; 222
    00000029 22                      85 	.db #0x22	; 34
    0000002A FE                      86 	.db #0xfe	; 254
    0000002B 42                      87 	.db #0x42	; 66	'B'
    0000002C FF                      88 	.db #0xff	; 255
    0000002D 41                      89 	.db #0x41	; 65	'A'
    0000002E FF                      90 	.db #0xff	; 255
    0000002F 01                      91 	.db #0x01	; 1
    00000030 FF                      92 	.db #0xff	; 255
    00000031 01                      93 	.db #0x01	; 1
    00000032 FF                      94 	.db #0xff	; 255
    00000033 01                      95 	.db #0x01	; 1
    00000034 FE                      96 	.db #0xfe	; 254
    00000035 C2                      97 	.db #0xc2	; 194
    00000036 7E                      98 	.db #0x7e	; 126
    00000037 C2                      99 	.db #0xc2	; 194
    00000038 FC                     100 	.db #0xfc	; 252
    00000039 84                     101 	.db #0x84	; 132
    0000003A F8                     102 	.db #0xf8	; 248
    0000003B 08                     103 	.db #0x08	; 8
    0000003C F0                     104 	.db #0xf0	; 240
    0000003D 30                     105 	.db #0x30	; 48	'0'
    0000003E C0                     106 	.db #0xc0	; 192
    0000003F C0                     107 	.db #0xc0	; 192
                                    108 	.area _INITIALIZER
                                    109 	.area _CABS (ABS)
